src/components/listeForms.tsx(210,38): error TS2552: Cannot find name 'ListType'. Did you mean 'ListeType'?
src/components/listeForms.tsx(365,38): error TS2552: Cannot find name 'ListType'. Did you mean 'ListeType'?
src/components/TaskForms.tsx(325,54): error TS2345: Argument of type 'string' is not assignable to parameter of type 'TaskStatus | (() => TaskStatus)'.
src/components/TaskForms.tsx(326,56): error TS2345: Argument of type 'string' is not assignable to parameter of type 'Priority | (() => Priority)'.
src/components/TaskForms.tsx(344,17): error TS2322: Type 'string | null' is not assignable to type 'string | undefined'.
  Type 'null' is not assignable to type 'string | undefined'.
src/components/TaskForms.tsx(346,17): error TS2322: Type 'string | null' is not assignable to type 'string | undefined'.
  Type 'null' is not assignable to type 'string | undefined'.
src/components/TaskForms.tsx(347,17): error TS2322: Type 'string | null' is not assignable to type 'string | undefined'.
  Type 'null' is not assignable to type 'string | undefined'.
src/components/TaskForms.tsx(378,54): error TS2345: Argument of type 'string' is not assignable to parameter of type 'TaskStatus | (() => TaskStatus)'.
src/components/TaskForms.tsx(379,56): error TS2345: Argument of type 'string' is not assignable to parameter of type 'Priority | (() => Priority)'.
src/components/TaskForms.tsx(397,17): error TS2322: Type 'string | null' is not assignable to type 'string | undefined'.
  Type 'null' is not assignable to type 'string | undefined'.
src/components/TaskForms.tsx(399,17): error TS2322: Type 'string | null' is not assignable to type 'string | undefined'.
  Type 'null' is not assignable to type 'string | undefined'.
src/components/TaskForms.tsx(400,17): error TS2322: Type 'string | null' is not assignable to type 'string | undefined'.
  Type 'null' is not assignable to type 'string | undefined'.
src/components/WorkspaceResourcesPanel.tsx(7,5): error TS6133: 'FolderPlus' is declared but its value is never read.
src/components/WorkspaceResourcesPanel.tsx(70,10): error TS6133: 'toLocalDateTimeString' is declared but its value is never read.
src/forms/FolderForms.tsx(1,21): error TS6133: 'AlertTriangle' is declared but its value is never read.
src/forms/FolderForms.tsx(1,49): error TS6133: 'Folder' is declared but its value is never read.
src/forms/FolderForms.tsx(1,65): error TS6133: 'Layout' is declared but its value is never read.
src/forms/FolderForms.tsx(266,32): error TS6133: 'folderId' is declared but its value is never read.
src/forms/SpaceForms.tsx(1,21): error TS6133: 'Palette' is declared but its value is never read.
src/forms/SpaceForms.tsx(1,38): error TS6133: 'ShieldOff' is declared but its value is never read.
src/forms/SpaceForms.tsx(2,39): error TS6133: 'useCallback' is declared but its value is never read.
src/forms/SpaceForms.tsx(300,31): error TS6133: 'spaceId' is declared but its value is never read.
src/forms/SprintForms.tsx(1,21): error TS6133: 'Calendar' is declared but its value is never read.
src/forms/SprintForms.tsx(1,52): error TS6133: 'Rocket' is declared but its value is never read.
src/forms/SprintForms.tsx(239,32): error TS6133: 'sprintId' is declared but its value is never read.
src/pages/DashboardPage.tsx(359,27): error TS6133: 'setSprintLoading' is declared but its value is never read.
